X,1,0.4386862637124023,0.01910042865612166
Y,1,0.42940762850991626,0.012491434070585283
Y,2,0.43179631856430967,0.03285545717120031
